21:26:41 **** Build of configuration Debug for project labo_9_2 ****
make -j8 all 
arm-none-eabi-gcc "../Core/Src/main.c" -mcpu=cortex-m4 -std=gnu11 -g3 -DDEBUG -DUSE_HAL_DRIVER -DSTM32L432xx -c -I../Core/Inc -I../Drivers/STM32L4xx_HAL_Driver/Inc -I../Drivers/STM32L4xx_HAL_Driver/Inc/Legacy -I../Drivers/CMSIS/Device/ST/STM32L4xx/Include -I../Drivers/CMSIS/Include -O0 -ffunction-sections -fdata-sections -Wall -fstack-usage -MMD -MP -MF"Core/Src/main.d" -MT"Core/Src/main.o" --specs=nano.specs -mfpu=fpv4-sp-d16 -mfloat-abi=hard -mthumb -o "Core/Src/main.o"
arm-none-eabi-gcc -o "labo_9_2.elf" @"objects.list"   -mcpu=cortex-m4 -T"C:\Users\Amir Oros\STM32CubeIDE\workspace_1.10.1\labo_9_2\STM32L432KCUX_FLASH.ld" --specs=nosys.specs -Wl,-Map="labo_9_2.map" -Wl,--gc-sections -static --specs=nano.specs -mfpu=fpv4-sp-d16 -mfloat-abi=hard -mthumb -Wl,--start-group -lc -lm -Wl,--end-group
Finished building target: labo_9_2.elf
 
arm-none-eabi-size   labo_9_2.elf 
arm-none-eabi-objdump -h -S  labo_9_2.elf  > "labo_9_2.list"
   text	   data	    bss	    dec	    hex	filename
  11040	     20	   1700	  12760	   31d8	labo_9_2.elf
Finished building: default.size.stdout
 
Finished building: labo_9_2.list
 

21:26:44 Build Finished. 0 errors, 0 warnings. (took 2s.775ms)

